******************************************************************************
                  TI ARM Linker PC v16.9.1                     
******************************************************************************
>> Linked Wed Apr 04 09:03:16 2018

OUTPUT FILE NAME:   <002-FIR.out>
ENTRY POINT SYMBOL: "_c_int00"  address: 00000779


MEMORY CONFIGURATION

         name            origin    length      used     unused   attr    fill
----------------------  --------  ---------  --------  --------  ----  --------
  FLASH                 00000000   00040000  00000a66  0003f59a  R  X
  SRAM                  20000000   00008000  000002c0  00007d40  RW X


SEGMENT ALLOCATION MAP

run origin  load origin   length   init length attrs members
----------  ----------- ---------- ----------- ----- -------
00000000    00000000    00000a68   00000a68    r-x
  00000000    00000000    0000026c   0000026c    r-- .intvecs
  0000026c    0000026c    000006da   000006da    r-x .text
  00000948    00000948    000000e8   000000e8    r-- .const
  00000a30    00000a30    00000038   00000038    r-- .cinit
20000000    20000000    000002c0   00000000    rw-
  20000000    20000000    00000200   00000000    rw- .stack
  20000200    20000200    000000a8   00000000    rw- .bss
  200002a8    200002a8    00000018   00000000    rw- .data


SECTION ALLOCATION MAP

 output                                  attributes/
section   page    origin      length       input sections
--------  ----  ----------  ----------   ----------------
.intvecs   0    00000000    0000026c     
                  00000000    0000026c     tm4c123gh6pm_startup_ccs.obj (.intvecs)

.text      0    0000026c    000006da     
                  0000026c    00000132     driverlib.lib : gpio.obj (.text:GPIOPadConfigSet)
                  0000039e    00000002     rtsv7M4_T_le_v4SPD16_eabi.lib : mpu_init.obj (.text)
                  000003a0    000000f4     driverlib.lib : sysctl.obj (.text:SysCtlClockSet)
                  00000494    000000f4     main.obj (.text)
                  00000588    0000009c     rtsv7M4_T_le_v4SPD16_eabi.lib : memcpy_t2.obj (.text)
                  00000624    0000007a                                   : memset_t2.obj (.text)
                  0000069e    00000002                                   : startup.obj (.text)
                  000006a0    00000070                                   : autoinit.obj (.text)
                  00000710    00000068                                   : copy_decompress_lzss.obj (.text:decompress:lzss)
                  00000778    00000054                                   : boot.obj (.text)
                  000007cc    00000054                                   : exit.obj (.text)
                  00000820    0000004c                                   : cpy_tbl.obj (.text)
                  0000086c    00000034     driverlib.lib : sysctl.obj (.text:SysCtlPeripheralEnable)
                  000008a0    0000002a                   : gpio.obj (.text:GPIODirModeSet)
                  000008ca    00000018                   : gpio.obj (.text:GPIOPinTypeGPIOOutput)
                  000008e2    00000002     --HOLE-- [fill = 0]
                  000008e4    00000018     rtsv7M4_T_le_v4SPD16_eabi.lib : args_main.obj (.text)
                  000008fc    00000014                                   : _lock.obj (.text)
                  00000910    0000000e                                   : copy_decompress_none.obj (.text:decompress:none)
                  0000091e    0000000c                                   : copy_zero_init.obj (.text:decompress:ZI)
                  0000092a    0000000c     tm4c123gh6pm_startup_ccs.obj (.text)
                  00000936    00000006     driverlib.lib : gpio.obj (.text:GPIOPinWrite)
                  0000093c    00000006                   : sysctl.obj (.text:SysCtlDelay)
                  00000942    00000004     rtsv7M4_T_le_v4SPD16_eabi.lib : pre_init.obj (.text)

.const     0    00000948    000000e8     
                  00000948    000000c8     main.obj (.const:sines)
                  00000a10    00000020     main.obj (.const:hpf)

.cinit     0    00000a30    00000038     
                  00000a30    00000011     (.cinit..data.load) [load image, compression = lzss]
                  00000a41    00000003     --HOLE-- [fill = 0]
                  00000a44    0000000c     (__TI_handler_table)
                  00000a50    00000008     (.cinit..bss.load) [load image, compression = zero_init]
                  00000a58    00000010     (__TI_cinit_table)

.init_array 
*          0    00000000    00000000     UNINITIALIZED

.stack     0    20000000    00000200     UNINITIALIZED
                  20000000    00000200     --HOLE--

.bss       0    20000200    000000a8     UNINITIALIZED
                  20000200    000000a8     (.common:y)

.data      0    200002a8    00000018     UNINITIALIZED
                  200002a8    0000000c     rtsv7M4_T_le_v4SPD16_eabi.lib : exit.obj (.data:$O1$$)
                  200002b4    00000008                                   : _lock.obj (.data:$O1$$)
                  200002bc    00000004                                   : stkdepth_vars.obj (.data)

MODULE SUMMARY

       Module                         code   ro data   rw data
       ------                         ----   -------   -------
    .\
       main.obj                       244    232       168    
       tm4c123gh6pm_startup_ccs.obj   12     620       0      
    +--+------------------------------+------+---------+---------+
       Total:                         256    852       168    
                                                              
    ../driverlib.lib
       gpio.obj                       378    0         0      
       sysctl.obj                     302    0         0      
    +--+------------------------------+------+---------+---------+
       Total:                         680    0         0      
                                                              
    D:\ti\ccsv7\tools\compiler\ti-cgt-arm_16.9.1.LTS\lib\rtsv7M4_T_le_v4SPD16_eabi.lib
       memcpy_t2.obj                  156    0         0      
       memset_t2.obj                  122    0         0      
       autoinit.obj                   112    0         0      
       copy_decompress_lzss.obj       104    0         0      
       exit.obj                       84     0         12     
       boot.obj                       84     0         0      
       cpy_tbl.obj                    76     0         0      
       _lock.obj                      20     0         8      
       args_main.obj                  24     0         0      
       copy_decompress_none.obj       14     0         0      
       copy_zero_init.obj             12     0         0      
       pre_init.obj                   4      0         0      
       stkdepth_vars.obj              0      0         4      
       mpu_init.obj                   2      0         0      
       startup.obj                    2      0         0      
    +--+------------------------------+------+---------+---------+
       Total:                         816    0         24     
                                                              
       Stack:                         0      0         512    
       Linker Generated:              0      53        0      
    +--+------------------------------+------+---------+---------+
       Grand Total:                   1752   905       704    


LINKER GENERATED COPY TABLES

__TI_cinit_table @ 00000a58 records: 2, size/record: 8, table size: 16
	.data: load addr=00000a30, load size=00000011 bytes, run addr=200002a8, run size=00000018 bytes, compression=lzss
	.bss: load addr=00000a50, load size=00000008 bytes, run addr=20000200, run size=000000a8 bytes, compression=zero_init


LINKER GENERATED HANDLER TABLE

__TI_handler_table @ 00000a44 records: 3, size/record: 4, table size: 12
	index: 0, handler: __TI_decompress_lzss
	index: 1, handler: __TI_decompress_none
	index: 2, handler: __TI_zero_init


GLOBAL SYMBOLS: SORTED ALPHABETICALLY BY Name 

address   name                           
-------   ----                           
000007cd  C$$EXIT                        
000008a1  GPIODirModeSet                 
0000026d  GPIOPadConfigSet               
000008cb  GPIOPinTypeGPIOOutput          
00000937  GPIOPinWrite                   
0000092b  ResetISR                       
UNDEFED   SHT$$INIT_ARRAY$$Base          
UNDEFED   SHT$$INIT_ARRAY$$Limit         
000003a1  SysCtlClockSet                 
0000093d  SysCtlDelay                    
0000086d  SysCtlPeripheralEnable         
20000200  __STACK_END                    
00000200  __STACK_SIZE                   
20000200  __STACK_TOP                    
00000a58  __TI_CINIT_Base                
00000a68  __TI_CINIT_Limit               
00000a44  __TI_Handler_Table_Base        
00000a50  __TI_Handler_Table_Limit       
000006a1  __TI_auto_init                 
200002a8  __TI_cleanup_ptr               
00000711  __TI_decompress_lzss           
00000911  __TI_decompress_none           
200002ac  __TI_dtors_ptr                 
200002b0  __TI_enable_exit_profile_output
ffffffff  __TI_pprof_out_hndl            
ffffffff  __TI_prof_data_size            
ffffffff  __TI_prof_data_start           
00000000  __TI_static_base__             
0000091f  __TI_zero_init                 
00000625  __aeabi_memclr                 
00000625  __aeabi_memclr4                
00000625  __aeabi_memclr8                
00000589  __aeabi_memcpy                 
00000589  __aeabi_memcpy4                
00000589  __aeabi_memcpy8                
00000627  __aeabi_memset                 
00000627  __aeabi_memset4                
00000627  __aeabi_memset8                
ffffffff  __binit__                      
ffffffff  __c_args__                     
0000039f  __mpu_init                     
20000000  __stack                        
000008e5  _args_main                     
00000779  _c_int00                       
200002b4  _lock                          
0000090b  _nop                           
00000903  _register_lock                 
000008fd  _register_unlock               
0000069f  _system_post_cinit             
00000943  _system_pre_init               
200002b8  _unlock                        
000007d1  abort                          
ffffffff  binit                          
00000821  copy_in                        
000007d9  exit                           
00000000  g_pfnVectors                   
00000a10  hpf                            
00000495  main                           
200002bc  main_func_sp                   
00000589  memcpy                         
0000062d  memset                         
00000948  sines                          
20000200  y                              


GLOBAL SYMBOLS: SORTED BY Symbol Address 

address   name                           
-------   ----                           
00000000  __TI_static_base__             
00000000  g_pfnVectors                   
00000200  __STACK_SIZE                   
0000026d  GPIOPadConfigSet               
0000039f  __mpu_init                     
000003a1  SysCtlClockSet                 
00000495  main                           
00000589  __aeabi_memcpy                 
00000589  __aeabi_memcpy4                
00000589  __aeabi_memcpy8                
00000589  memcpy                         
00000625  __aeabi_memclr                 
00000625  __aeabi_memclr4                
00000625  __aeabi_memclr8                
00000627  __aeabi_memset                 
00000627  __aeabi_memset4                
00000627  __aeabi_memset8                
0000062d  memset                         
0000069f  _system_post_cinit             
000006a1  __TI_auto_init                 
00000711  __TI_decompress_lzss           
00000779  _c_int00                       
000007cd  C$$EXIT                        
000007d1  abort                          
000007d9  exit                           
00000821  copy_in                        
0000086d  SysCtlPeripheralEnable         
000008a1  GPIODirModeSet                 
000008cb  GPIOPinTypeGPIOOutput          
000008e5  _args_main                     
000008fd  _register_unlock               
00000903  _register_lock                 
0000090b  _nop                           
00000911  __TI_decompress_none           
0000091f  __TI_zero_init                 
0000092b  ResetISR                       
00000937  GPIOPinWrite                   
0000093d  SysCtlDelay                    
00000943  _system_pre_init               
00000948  sines                          
00000a10  hpf                            
00000a44  __TI_Handler_Table_Base        
00000a50  __TI_Handler_Table_Limit       
00000a58  __TI_CINIT_Base                
00000a68  __TI_CINIT_Limit               
20000000  __stack                        
20000200  __STACK_END                    
20000200  __STACK_TOP                    
20000200  y                              
200002a8  __TI_cleanup_ptr               
200002ac  __TI_dtors_ptr                 
200002b0  __TI_enable_exit_profile_output
200002b4  _lock                          
200002b8  _unlock                        
200002bc  main_func_sp                   
ffffffff  __TI_pprof_out_hndl            
ffffffff  __TI_prof_data_size            
ffffffff  __TI_prof_data_start           
ffffffff  __binit__                      
ffffffff  __c_args__                     
ffffffff  binit                          
UNDEFED   SHT$$INIT_ARRAY$$Base          
UNDEFED   SHT$$INIT_ARRAY$$Limit         

[63 symbols]
