******************************************************************************
                  TI ARM Linker PC v16.9.1                     
******************************************************************************
>> Linked Thu Apr 05 17:52:04 2018

OUTPUT FILE NAME:   <002-FIR_CB.out>
ENTRY POINT SYMBOL: "_c_int00"  address: 00000a19


MEMORY CONFIGURATION

         name            origin    length      used     unused   attr    fill
----------------------  --------  ---------  --------  --------  ----  --------
  FLASH                 00000000   00040000  00000e44  0003f1bc  R  X
  SRAM                  20000000   00008000  000003d8  00007c28  RW X


SEGMENT ALLOCATION MAP

run origin  load origin   length   init length attrs members
----------  ----------- ---------- ----------- ----- -------
00000000    00000000    00000e48   00000e48    r-x
  00000000    00000000    0000026c   0000026c    r-- .intvecs
  0000026c    0000026c    000009bc   000009bc    r-x .text
  00000c28    00000c28    000001e4   000001e4    r-- .const
  00000e10    00000e10    00000038   00000038    r-- .cinit
20000000    20000000    000003d8   00000000    rw-
  20000000    20000000    00000200   00000000    rw- .stack
  20000200    20000200    000001b0   00000000    rw- .bss
  200003b0    200003b0    00000028   00000000    rw- .data


SECTION ALLOCATION MAP

 output                                  attributes/
section   page    origin      length       input sections
--------  ----  ----------  ----------   ----------------
.intvecs   0    00000000    0000026c     
                  00000000    0000026c     tm4c123gh6pm_startup_ccs.obj (.intvecs)

.text      0    0000026c    000009bc     
                  0000026c    000001bc     main.obj (.text)
                  00000428    00000132     driverlib.lib : gpio.obj (.text:GPIOPadConfigSet)
                  0000055a    00000002     rtsv7M4_T_le_v4SPD16_eabi.lib : mpu_init.obj (.text)
                  0000055c    00000110     driverlib.lib : sysctl.obj (.text:SysCtlClockGet)
                  0000066c    000000f4                   : sysctl.obj (.text:SysCtlClockSet)
                  00000760    0000009c     rtsv7M4_T_le_v4SPD16_eabi.lib : memcpy_t2.obj (.text)
                  000007fc    0000007a                                   : memset_t2.obj (.text)
                  00000876    00000002                                   : startup.obj (.text)
                  00000878    00000070                                   : autoinit.obj (.text)
                  000008e8    00000068     driverlib.lib : interrupt.obj (.text:IntEnable)
                  00000950    00000068     rtsv7M4_T_le_v4SPD16_eabi.lib : copy_decompress_lzss.obj (.text:decompress:lzss)
                  000009b8    00000060     driverlib.lib : timer.obj (.text:TimerConfigure)
                  00000a18    00000054     rtsv7M4_T_le_v4SPD16_eabi.lib : boot.obj (.text)
                  00000a6c    00000054                                   : exit.obj (.text)
                  00000ac0    0000004c                                   : cpy_tbl.obj (.text)
                  00000b0c    00000034     driverlib.lib : sysctl.obj (.text:SysCtlPeripheralEnable)
                  00000b40    0000002a                   : gpio.obj (.text:GPIODirModeSet)
                  00000b6a    00000018                   : gpio.obj (.text:GPIOPinTypeGPIOOutput)
                  00000b82    00000002     --HOLE-- [fill = 0]
                  00000b84    00000018     rtsv7M4_T_le_v4SPD16_eabi.lib : args_main.obj (.text)
                  00000b9c    00000014                                   : _lock.obj (.text)
                  00000bb0    00000012     driverlib.lib : timer.obj (.text:TimerLoadSet)
                  00000bc2    00000010                   : interrupt.obj (.text:IntMasterEnable)
                  00000bd2    0000000e                   : timer.obj (.text:TimerEnable)
                  00000be0    0000000e     rtsv7M4_T_le_v4SPD16_eabi.lib : copy_decompress_none.obj (.text:decompress:none)
                  00000bee    0000000c     driverlib.lib : cpu.obj (.text:CPUcpsie)
                  00000bfa    0000000c     rtsv7M4_T_le_v4SPD16_eabi.lib : copy_zero_init.obj (.text:decompress:ZI)
                  00000c06    0000000c     tm4c123gh6pm_startup_ccs.obj (.text)
                  00000c12    00000008     driverlib.lib : timer.obj (.text:TimerIntEnable)
                  00000c1a    00000006                   : sysctl.obj (.text:SysCtlDelay)
                  00000c20    00000004                   : timer.obj (.text:TimerIntClear)
                  00000c24    00000004     rtsv7M4_T_le_v4SPD16_eabi.lib : pre_init.obj (.text)

.const     0    00000c28    000001e4     
                  00000c28    000000c8     main.obj (.const:sines)
                  00000cf0    00000070     driverlib.lib : interrupt.obj (.const)
                  00000d60    0000006c                   : sysctl.obj (.const:g_pui32Xtals)
                  00000dcc    00000020     main.obj (.const:hhpf)
                  00000dec    00000020     main.obj (.const:hlpf)

.cinit     0    00000e10    00000038     
                  00000e10    00000012     (.cinit..data.load) [load image, compression = lzss]
                  00000e22    00000002     --HOLE-- [fill = 0]
                  00000e24    0000000c     (__TI_handler_table)
                  00000e30    00000008     (.cinit..bss.load) [load image, compression = zero_init]
                  00000e38    00000010     (__TI_cinit_table)

.init_array 
*          0    00000000    00000000     UNINITIALIZED

.stack     0    20000000    00000200     UNINITIALIZED
                  20000000    00000200     --HOLE--

.bss       0    20000200    000001b0     UNINITIALIZED
                  20000200    000000c8     (.common:y)
                  200002c8    000000c8     (.common:y2)
                  20000390    00000020     (.common:circular_buffer)

.data      0    200003b0    00000028     UNINITIALIZED
                  200003b0    00000010     main.obj (.data)
                  200003c0    0000000c     rtsv7M4_T_le_v4SPD16_eabi.lib : exit.obj (.data:$O1$$)
                  200003cc    00000008                                   : _lock.obj (.data:$O1$$)
                  200003d4    00000004                                   : stkdepth_vars.obj (.data)

MODULE SUMMARY

       Module                         code   ro data   rw data
       ------                         ----   -------   -------
    .\
       main.obj                       444    264       448    
       tm4c123gh6pm_startup_ccs.obj   12     620       0      
    +--+------------------------------+------+---------+---------+
       Total:                         456    884       448    
                                                              
    ../driverlib.lib
       sysctl.obj                     574    108       0      
       gpio.obj                       372    0         0      
       interrupt.obj                  120    112       0      
       timer.obj                      140    0         0      
       cpu.obj                        12     0         0      
    +--+------------------------------+------+---------+---------+
       Total:                         1218   220       0      
                                                              
    D:\ti\ccsv7\tools\compiler\ti-cgt-arm_16.9.1.LTS\lib\rtsv7M4_T_le_v4SPD16_eabi.lib
       memcpy_t2.obj                  156    0         0      
       memset_t2.obj                  122    0         0      
       autoinit.obj                   112    0         0      
       copy_decompress_lzss.obj       104    0         0      
       exit.obj                       84     0         12     
       boot.obj                       84     0         0      
       cpy_tbl.obj                    76     0         0      
       _lock.obj                      20     0         8      
       args_main.obj                  24     0         0      
       copy_decompress_none.obj       14     0         0      
       copy_zero_init.obj             12     0         0      
       pre_init.obj                   4      0         0      
       stkdepth_vars.obj              0      0         4      
       mpu_init.obj                   2      0         0      
       startup.obj                    2      0         0      
    +--+------------------------------+------+---------+---------+
       Total:                         816    0         24     
                                                              
       Stack:                         0      0         512    
       Linker Generated:              0      54        0      
    +--+------------------------------+------+---------+---------+
       Grand Total:                   2490   1158      984    


LINKER GENERATED COPY TABLES

__TI_cinit_table @ 00000e38 records: 2, size/record: 8, table size: 16
	.data: load addr=00000e10, load size=00000012 bytes, run addr=200003b0, run size=00000028 bytes, compression=lzss
	.bss: load addr=00000e30, load size=00000008 bytes, run addr=20000200, run size=000001b0 bytes, compression=zero_init


LINKER GENERATED HANDLER TABLE

__TI_handler_table @ 00000e24 records: 3, size/record: 4, table size: 12
	index: 0, handler: __TI_decompress_lzss
	index: 1, handler: __TI_decompress_none
	index: 2, handler: __TI_zero_init


GLOBAL SYMBOLS: SORTED ALPHABETICALLY BY Name 

address   name                           
-------   ----                           
00000a6d  C$$EXIT                        
00000bef  CPUcpsie                       
00000b41  GPIODirModeSet                 
00000429  GPIOPadConfigSet               
00000b6b  GPIOPinTypeGPIOOutput          
000008e9  IntEnable                      
00000bc3  IntMasterEnable                
00000c07  ResetISR                       
UNDEFED   SHT$$INIT_ARRAY$$Base          
UNDEFED   SHT$$INIT_ARRAY$$Limit         
0000055d  SysCtlClockGet                 
0000066d  SysCtlClockSet                 
00000c1b  SysCtlDelay                    
00000b0d  SysCtlPeripheralEnable         
000002cd  Timer0IntHandler               
000009b9  TimerConfigure                 
00000bd3  TimerEnable                    
00000c21  TimerIntClear                  
00000c13  TimerIntEnable                 
00000bb1  TimerLoadSet                   
20000200  __STACK_END                    
00000200  __STACK_SIZE                   
20000200  __STACK_TOP                    
00000e38  __TI_CINIT_Base                
00000e48  __TI_CINIT_Limit               
00000e24  __TI_Handler_Table_Base        
00000e30  __TI_Handler_Table_Limit       
00000879  __TI_auto_init                 
200003c0  __TI_cleanup_ptr               
00000951  __TI_decompress_lzss           
00000be1  __TI_decompress_none           
200003c4  __TI_dtors_ptr                 
200003c8  __TI_enable_exit_profile_output
ffffffff  __TI_pprof_out_hndl            
ffffffff  __TI_prof_data_size            
ffffffff  __TI_prof_data_start           
00000000  __TI_static_base__             
00000bfb  __TI_zero_init                 
000007fd  __aeabi_memclr                 
000007fd  __aeabi_memclr4                
000007fd  __aeabi_memclr8                
00000761  __aeabi_memcpy                 
00000761  __aeabi_memcpy4                
00000761  __aeabi_memcpy8                
000007ff  __aeabi_memset                 
000007ff  __aeabi_memset4                
000007ff  __aeabi_memset8                
ffffffff  __binit__                      
ffffffff  __c_args__                     
0000055b  __mpu_init                     
20000000  __stack                        
00000b85  _args_main                     
00000a19  _c_int00                       
200003cc  _lock                          
00000bab  _nop                           
00000ba3  _register_lock                 
00000b9d  _register_unlock               
00000877  _system_post_cinit             
00000c25  _system_pre_init               
200003d0  _unlock                        
00000a71  abort                          
ffffffff  binit                          
20000390  circular_buffer                
00000ac1  copy_in                        
00000a79  exit                           
00000000  g_pfnVectors                   
00000dcc  hhpf                           
00000dec  hlpf                           
200003b0  k                              
0000026d  main                           
200003d4  main_func_sp                   
00000761  memcpy                         
00000805  memset                         
200003bc  output_index                   
200003b4  pointer                        
200003b8  sine_index                     
00000c28  sines                          
20000200  y                              
200002c8  y2                             


GLOBAL SYMBOLS: SORTED BY Symbol Address 

address   name                           
-------   ----                           
00000000  __TI_static_base__             
00000000  g_pfnVectors                   
00000200  __STACK_SIZE                   
0000026d  main                           
000002cd  Timer0IntHandler               
00000429  GPIOPadConfigSet               
0000055b  __mpu_init                     
0000055d  SysCtlClockGet                 
0000066d  SysCtlClockSet                 
00000761  __aeabi_memcpy                 
00000761  __aeabi_memcpy4                
00000761  __aeabi_memcpy8                
00000761  memcpy                         
000007fd  __aeabi_memclr                 
000007fd  __aeabi_memclr4                
000007fd  __aeabi_memclr8                
000007ff  __aeabi_memset                 
000007ff  __aeabi_memset4                
000007ff  __aeabi_memset8                
00000805  memset                         
00000877  _system_post_cinit             
00000879  __TI_auto_init                 
000008e9  IntEnable                      
00000951  __TI_decompress_lzss           
000009b9  TimerConfigure                 
00000a19  _c_int00                       
00000a6d  C$$EXIT                        
00000a71  abort                          
00000a79  exit                           
00000ac1  copy_in                        
00000b0d  SysCtlPeripheralEnable         
00000b41  GPIODirModeSet                 
00000b6b  GPIOPinTypeGPIOOutput          
00000b85  _args_main                     
00000b9d  _register_unlock               
00000ba3  _register_lock                 
00000bab  _nop                           
00000bb1  TimerLoadSet                   
00000bc3  IntMasterEnable                
00000bd3  TimerEnable                    
00000be1  __TI_decompress_none           
00000bef  CPUcpsie                       
00000bfb  __TI_zero_init                 
00000c07  ResetISR                       
00000c13  TimerIntEnable                 
00000c1b  SysCtlDelay                    
00000c21  TimerIntClear                  
00000c25  _system_pre_init               
00000c28  sines                          
00000dcc  hhpf                           
00000dec  hlpf                           
00000e24  __TI_Handler_Table_Base        
00000e30  __TI_Handler_Table_Limit       
00000e38  __TI_CINIT_Base                
00000e48  __TI_CINIT_Limit               
20000000  __stack                        
20000200  __STACK_END                    
20000200  __STACK_TOP                    
20000200  y                              
200002c8  y2                             
20000390  circular_buffer                
200003b0  k                              
200003b4  pointer                        
200003b8  sine_index                     
200003bc  output_index                   
200003c0  __TI_cleanup_ptr               
200003c4  __TI_dtors_ptr                 
200003c8  __TI_enable_exit_profile_output
200003cc  _lock                          
200003d0  _unlock                        
200003d4  main_func_sp                   
ffffffff  __TI_pprof_out_hndl            
ffffffff  __TI_prof_data_size            
ffffffff  __TI_prof_data_start           
ffffffff  __binit__                      
ffffffff  __c_args__                     
ffffffff  binit                          
UNDEFED   SHT$$INIT_ARRAY$$Base          
UNDEFED   SHT$$INIT_ARRAY$$Limit         

[79 symbols]
