******************************************************************************
                  TI ARM Linker PC v16.9.1                     
******************************************************************************
>> Linked Tue Apr 03 16:34:41 2018

OUTPUT FILE NAME:   <001-MAF.out>
ENTRY POINT SYMBOL: "_c_int00"  address: 000008e5


MEMORY CONFIGURATION

         name            origin    length      used     unused   attr    fill
----------------------  --------  ---------  --------  --------  ----  --------
  FLASH                 00000000   00040000  00000bb2  0003f44e  R  X
  SRAM                  20000000   00008000  000003a8  00007c58  RW X


SEGMENT ALLOCATION MAP

run origin  load origin   length   init length attrs members
----------  ----------- ---------- ----------- ----- -------
00000000    00000000    00000bb8   00000bb8    r-x
  00000000    00000000    0000026c   0000026c    r-- .intvecs
  0000026c    0000026c    00000846   00000846    r-x .text
  00000ab4    00000ab4    000000c8   000000c8    r-- .const
  00000b80    00000b80    00000038   00000038    r-- .cinit
20000000    20000000    000003a8   00000000    rw-
  20000000    20000000    00000200   00000000    rw- .stack
  20000200    20000200    00000190   00000000    rw- .bss
  20000390    20000390    00000018   00000000    rw- .data


SECTION ALLOCATION MAP

 output                                  attributes/
section   page    origin      length       input sections
--------  ----  ----------  ----------   ----------------
.intvecs   0    00000000    0000026c     
                  00000000    0000026c     tm4c123gh6pm_startup_ccs.obj (.intvecs)

.text      0    0000026c    00000846     
                  0000026c    00000260     main.obj (.text)
                  000004cc    00000132     driverlib.lib : gpio.obj (.text:GPIOPadConfigSet)
                  000005fe    00000002     rtsv7M4_T_le_v4SPD16_eabi.lib : mpu_init.obj (.text)
                  00000600    000000f4     driverlib.lib : sysctl.obj (.text:SysCtlClockSet)
                  000006f4    0000009c     rtsv7M4_T_le_v4SPD16_eabi.lib : memcpy_t2.obj (.text)
                  00000790    0000007a                                   : memset_t2.obj (.text)
                  0000080a    00000002                                   : startup.obj (.text)
                  0000080c    00000070                                   : autoinit.obj (.text)
                  0000087c    00000068                                   : copy_decompress_lzss.obj (.text:decompress:lzss)
                  000008e4    00000054                                   : boot.obj (.text)
                  00000938    00000054                                   : exit.obj (.text)
                  0000098c    0000004c                                   : cpy_tbl.obj (.text)
                  000009d8    00000034     driverlib.lib : sysctl.obj (.text:SysCtlPeripheralEnable)
                  00000a0c    0000002a                   : gpio.obj (.text:GPIODirModeSet)
                  00000a36    00000018                   : gpio.obj (.text:GPIOPinTypeGPIOOutput)
                  00000a4e    00000002     --HOLE-- [fill = 0]
                  00000a50    00000018     rtsv7M4_T_le_v4SPD16_eabi.lib : args_main.obj (.text)
                  00000a68    00000014                                   : _lock.obj (.text)
                  00000a7c    0000000e                                   : copy_decompress_none.obj (.text:decompress:none)
                  00000a8a    0000000c                                   : copy_zero_init.obj (.text:decompress:ZI)
                  00000a96    0000000c     tm4c123gh6pm_startup_ccs.obj (.text)
                  00000aa2    00000006     driverlib.lib : gpio.obj (.text:GPIOPinWrite)
                  00000aa8    00000006                   : sysctl.obj (.text:SysCtlDelay)
                  00000aae    00000004     rtsv7M4_T_le_v4SPD16_eabi.lib : pre_init.obj (.text)

.const     0    00000ab4    000000c8     
                  00000ab4    000000c8     main.obj (.const:noisysine)

.cinit     0    00000b80    00000038     
                  00000b80    00000011     (.cinit..data.load) [load image, compression = lzss]
                  00000b91    00000003     --HOLE-- [fill = 0]
                  00000b94    0000000c     (__TI_handler_table)
                  00000ba0    00000008     (.cinit..bss.load) [load image, compression = zero_init]
                  00000ba8    00000010     (__TI_cinit_table)

.init_array 
*          0    00000000    00000000     UNINITIALIZED

.stack     0    20000000    00000200     UNINITIALIZED
                  20000000    00000200     --HOLE--

.bss       0    20000200    00000190     UNINITIALIZED
                  20000200    000000c8     (.common:y)
                  200002c8    000000c8     (.common:y2)

.data      0    20000390    00000018     UNINITIALIZED
                  20000390    0000000c     rtsv7M4_T_le_v4SPD16_eabi.lib : exit.obj (.data:$O1$$)
                  2000039c    00000008                                   : _lock.obj (.data:$O1$$)
                  200003a4    00000004                                   : stkdepth_vars.obj (.data)

MODULE SUMMARY

       Module                         code   ro data   rw data
       ------                         ----   -------   -------
    .\
       main.obj                       608    200       400    
       tm4c123gh6pm_startup_ccs.obj   12     620       0      
    +--+------------------------------+------+---------+---------+
       Total:                         620    820       400    
                                                              
    ../driverlib.lib
       gpio.obj                       378    0         0      
       sysctl.obj                     302    0         0      
    +--+------------------------------+------+---------+---------+
       Total:                         680    0         0      
                                                              
    D:\ti\ccsv7\tools\compiler\ti-cgt-arm_16.9.1.LTS\lib\rtsv7M4_T_le_v4SPD16_eabi.lib
       memcpy_t2.obj                  156    0         0      
       memset_t2.obj                  122    0         0      
       autoinit.obj                   112    0         0      
       copy_decompress_lzss.obj       104    0         0      
       exit.obj                       84     0         12     
       boot.obj                       84     0         0      
       cpy_tbl.obj                    76     0         0      
       _lock.obj                      20     0         8      
       args_main.obj                  24     0         0      
       copy_decompress_none.obj       14     0         0      
       copy_zero_init.obj             12     0         0      
       pre_init.obj                   4      0         0      
       stkdepth_vars.obj              0      0         4      
       mpu_init.obj                   2      0         0      
       startup.obj                    2      0         0      
    +--+------------------------------+------+---------+---------+
       Total:                         816    0         24     
                                                              
       Stack:                         0      0         512    
       Linker Generated:              0      53        0      
    +--+------------------------------+------+---------+---------+
       Grand Total:                   2116   873       936    


LINKER GENERATED COPY TABLES

__TI_cinit_table @ 00000ba8 records: 2, size/record: 8, table size: 16
	.data: load addr=00000b80, load size=00000011 bytes, run addr=20000390, run size=00000018 bytes, compression=lzss
	.bss: load addr=00000ba0, load size=00000008 bytes, run addr=20000200, run size=00000190 bytes, compression=zero_init


LINKER GENERATED HANDLER TABLE

__TI_handler_table @ 00000b94 records: 3, size/record: 4, table size: 12
	index: 0, handler: __TI_decompress_lzss
	index: 1, handler: __TI_decompress_none
	index: 2, handler: __TI_zero_init


GLOBAL SYMBOLS: SORTED ALPHABETICALLY BY Name 

address   name                           
-------   ----                           
00000939  C$$EXIT                        
00000a0d  GPIODirModeSet                 
000004cd  GPIOPadConfigSet               
00000a37  GPIOPinTypeGPIOOutput          
00000aa3  GPIOPinWrite                   
00000a97  ResetISR                       
UNDEFED   SHT$$INIT_ARRAY$$Base          
UNDEFED   SHT$$INIT_ARRAY$$Limit         
00000601  SysCtlClockSet                 
00000aa9  SysCtlDelay                    
000009d9  SysCtlPeripheralEnable         
20000200  __STACK_END                    
00000200  __STACK_SIZE                   
20000200  __STACK_TOP                    
00000ba8  __TI_CINIT_Base                
00000bb8  __TI_CINIT_Limit               
00000b94  __TI_Handler_Table_Base        
00000ba0  __TI_Handler_Table_Limit       
0000080d  __TI_auto_init                 
20000390  __TI_cleanup_ptr               
0000087d  __TI_decompress_lzss           
00000a7d  __TI_decompress_none           
20000394  __TI_dtors_ptr                 
20000398  __TI_enable_exit_profile_output
ffffffff  __TI_pprof_out_hndl            
ffffffff  __TI_prof_data_size            
ffffffff  __TI_prof_data_start           
00000000  __TI_static_base__             
00000a8b  __TI_zero_init                 
00000791  __aeabi_memclr                 
00000791  __aeabi_memclr4                
00000791  __aeabi_memclr8                
000006f5  __aeabi_memcpy                 
000006f5  __aeabi_memcpy4                
000006f5  __aeabi_memcpy8                
00000793  __aeabi_memset                 
00000793  __aeabi_memset4                
00000793  __aeabi_memset8                
ffffffff  __binit__                      
ffffffff  __c_args__                     
000005ff  __mpu_init                     
20000000  __stack                        
00000a51  _args_main                     
000008e5  _c_int00                       
2000039c  _lock                          
00000a77  _nop                           
00000a6f  _register_lock                 
00000a69  _register_unlock               
0000080b  _system_post_cinit             
00000aaf  _system_pre_init               
200003a0  _unlock                        
0000093d  abort                          
ffffffff  binit                          
0000098d  copy_in                        
00000945  exit                           
00000000  g_pfnVectors                   
0000026d  main                           
200003a4  main_func_sp                   
000006f5  memcpy                         
00000799  memset                         
00000ab4  noisysine                      
20000200  y                              
200002c8  y2                             


GLOBAL SYMBOLS: SORTED BY Symbol Address 

address   name                           
-------   ----                           
00000000  __TI_static_base__             
00000000  g_pfnVectors                   
00000200  __STACK_SIZE                   
0000026d  main                           
000004cd  GPIOPadConfigSet               
000005ff  __mpu_init                     
00000601  SysCtlClockSet                 
000006f5  __aeabi_memcpy                 
000006f5  __aeabi_memcpy4                
000006f5  __aeabi_memcpy8                
000006f5  memcpy                         
00000791  __aeabi_memclr                 
00000791  __aeabi_memclr4                
00000791  __aeabi_memclr8                
00000793  __aeabi_memset                 
00000793  __aeabi_memset4                
00000793  __aeabi_memset8                
00000799  memset                         
0000080b  _system_post_cinit             
0000080d  __TI_auto_init                 
0000087d  __TI_decompress_lzss           
000008e5  _c_int00                       
00000939  C$$EXIT                        
0000093d  abort                          
00000945  exit                           
0000098d  copy_in                        
000009d9  SysCtlPeripheralEnable         
00000a0d  GPIODirModeSet                 
00000a37  GPIOPinTypeGPIOOutput          
00000a51  _args_main                     
00000a69  _register_unlock               
00000a6f  _register_lock                 
00000a77  _nop                           
00000a7d  __TI_decompress_none           
00000a8b  __TI_zero_init                 
00000a97  ResetISR                       
00000aa3  GPIOPinWrite                   
00000aa9  SysCtlDelay                    
00000aaf  _system_pre_init               
00000ab4  noisysine                      
00000b94  __TI_Handler_Table_Base        
00000ba0  __TI_Handler_Table_Limit       
00000ba8  __TI_CINIT_Base                
00000bb8  __TI_CINIT_Limit               
20000000  __stack                        
20000200  __STACK_END                    
20000200  __STACK_TOP                    
20000200  y                              
200002c8  y2                             
20000390  __TI_cleanup_ptr               
20000394  __TI_dtors_ptr                 
20000398  __TI_enable_exit_profile_output
2000039c  _lock                          
200003a0  _unlock                        
200003a4  main_func_sp                   
ffffffff  __TI_pprof_out_hndl            
ffffffff  __TI_prof_data_size            
ffffffff  __TI_prof_data_start           
ffffffff  __binit__                      
ffffffff  __c_args__                     
ffffffff  binit                          
UNDEFED   SHT$$INIT_ARRAY$$Base          
UNDEFED   SHT$$INIT_ARRAY$$Limit         

[63 symbols]
